// Jest Snapshot v1, https://goo.gl/fbAQLP

exports[`renders correctly 1`] = `
<View
  style={
    Array [
      Object {
        "flexBasis": 0,
        "flexGrow": 1,
        "flexShrink": 1,
      },
    ]
  }
  testID="modal-test"
>
  <Modal
    animationType="none"
    deviceHeight={null}
    deviceWidth={null}
    hardwareAccelerated={false}
    hideModalContentWhileAnimating={false}
    onBackdropPress={[Function]}
    onModalHide={[Function]}
    onModalWillHide={[Function]}
    onModalWillShow={[Function]}
    onRequestClose={[Function]}
    scrollHorizontal={false}
    scrollOffset={0}
    scrollOffsetMax={0}
    scrollTo={null}
    supportedOrientations={
      Array [
        "portrait",
        "landscape",
      ]
    }
    swipeThreshold={100}
    transparent={true}
    visible={true}
  >
    <TouchableWithoutFeedback
      onPress={[Function]}
    >
      <View
        forwardedRef={[Function]}
        style={
          Object {
            "backgroundColor": "black",
            "bottom": 0,
            "height": 1334,
            "left": 0,
            "opacity": 0,
            "position": "absolute",
            "right": 0,
            "top": 0,
            "width": 750,
          }
        }
      />
    </TouchableWithoutFeedback>
    <View
      deviceHeight={null}
      deviceWidth={null}
      forwardedRef={[Function]}
      hideModalContentWhileAnimating={false}
      onBackdropPress={[Function]}
      onModalHide={[Function]}
      onModalWillHide={[Function]}
      onModalWillShow={[Function]}
      pointerEvents="box-none"
      scrollHorizontal={false}
      scrollOffset={0}
      scrollOffsetMax={0}
      scrollTo={null}
      style={
        Object {
          "flex": 1,
          "justifyContent": "center",
          "margin": 37.5,
          "transform": Array [
            Object {
              "translateY": 1334,
            },
          ],
        }
      }
      supportedOrientations={
        Array [
          "portrait",
          "landscape",
        ]
      }
      swipeThreshold={100}
    >
      <View
        style={
          Array [
            Object {
              "backgroundColor": "#fff",
              "height": 240,
            },
          ]
        }
      >
        <View
          style={
            Array [
              Object {
                "alignItems": "center",
                "height": 180,
                "justifyContent": "center",
                "paddingBottom": 20,
                "paddingLeft": 20,
                "paddingRight": 20,
                "paddingTop": 20,
              },
            ]
          }
        >
          <Text
            style={
              Array [
                Object {
                  "fontSize": 28,
                  "fontWeight": "bold",
                  "marginBottom": 20,
                },
              ]
            }
          >
            RESGATE EFETUADO
          </Text>
          <Text
            style={
              Array [
                Object {
                  "color": "#6c6c6c",
                  "fontSize": 18,
                },
              ]
            }
          >
            O valor solicitado estará disponível em sua conta em 5 dias uteis.
          </Text>
        </View>
        <TouchableHighlight
          onPress={[Function]}
          style={
            Array [
              Object {
                "alignItems": "center",
                "backgroundColor": "#ffff00",
                "height": 60,
                "justifyContent": "center",
                "marginTop": 15,
                "width": "100%",
              },
            ]
          }
        >
          <Text
            style={
              Array [
                Object {
                  "color": "blue",
                  "fontSize": 21,
                  "fontWeight": "bold",
                },
              ]
            }
          >
            NOVO RESGATE
          </Text>
        </TouchableHighlight>
      </View>
    </View>
  </Modal>
</View>
`;
